2026-09-23 22:40:06 ERROR com.bank_of_cli.util.AppLogger - Could not connect to the database
org.postgresql.util.PSQLException: FATAL: password authentication failed for user "bankOfCli"
	at org.postgresql.core.v3.ConnectionFactoryImpl.doAuthentication(ConnectionFactoryImpl.java:711)
	at org.postgresql.core.v3.ConnectionFactoryImpl.tryConnect(ConnectionFactoryImpl.java:213)
	at org.postgresql.core.v3.ConnectionFactoryImpl.openConnectionImpl(ConnectionFactoryImpl.java:268)
	at org.postgresql.core.ConnectionFactory.openConnection(ConnectionFactory.java:54)
	at org.postgresql.jdbc.PgConnection.<init>(PgConnection.java:273)
	at org.postgresql.Driver.makeConnection(Driver.java:446)
	at org.postgresql.Driver.connect(Driver.java:298)
	at java.sql/java.sql.DriverManager.getConnection(DriverManager.java:681)
	at java.sql/java.sql.DriverManager.getConnection(DriverManager.java:229)
	at com.bank_of_cli.persistence.ConnectionFactory.getConnection(ConnectionFactory.java:35)
	at com.bank_of_cli.persistence.BankDAOImpl.getConnection(BankDAOImpl.java:215)
	at com.bank_of_cli.persistence.BankDAOImpl.initializeSchema(BankDAOImpl.java:171)
	at com.bank_of_cli.persistence.BankDAOImpl.<init>(BankDAOImpl.java:51)
	at com.bank_of_cli.api.Main.main(Main.java:12)
	at java.base/jdk.internal.reflect.NativeMethodAccessorImpl.invoke0(Native Method)
	at java.base/jdk.internal.reflect.NativeMethodAccessorImpl.invoke(NativeMethodAccessorImpl.java:77)
	at java.base/jdk.internal.reflect.DelegatingMethodAccessorImpl.invoke(DelegatingMethodAccessorImpl.java:43)
	at java.base/java.lang.reflect.Method.invoke(Method.java:568)
	at org.codehaus.mojo.exec.AbstractExecJavaBase.executeMainMethod(AbstractExecJavaBase.java:402)
	at org.codehaus.mojo.exec.ExecJavaMojo.executeMainMethod(ExecJavaMojo.java:142)
	at org.codehaus.mojo.exec.AbstractExecJavaBase.doExecClassLoader(AbstractExecJavaBase.java:377)
	at org.codehaus.mojo.exec.AbstractExecJavaBase.lambda$execute$0(AbstractExecJavaBase.java:287)
	at java.base/java.lang.Thread.run(Thread.java:842)
2026-09-23 22:40:06 ERROR com.bank_of_cli.util.AppLogger - Error starting application: Could not connect to the database
2026-09-23 22:40:52 ERROR com.bank_of_cli.util.AppLogger - Could not connect to the database
org.postgresql.util.PSQLException: FATAL: password authentication failed for user "bankOfCli"
	at org.postgresql.core.v3.ConnectionFactoryImpl.doAuthentication(ConnectionFactoryImpl.java:711)
	at org.postgresql.core.v3.ConnectionFactoryImpl.tryConnect(ConnectionFactoryImpl.java:213)
	at org.postgresql.core.v3.ConnectionFactoryImpl.openConnectionImpl(ConnectionFactoryImpl.java:268)
	at org.postgresql.core.ConnectionFactory.openConnection(ConnectionFactory.java:54)
	at org.postgresql.jdbc.PgConnection.<init>(PgConnection.java:273)
	at org.postgresql.Driver.makeConnection(Driver.java:446)
	at org.postgresql.Driver.connect(Driver.java:298)
	at java.sql/java.sql.DriverManager.getConnection(DriverManager.java:681)
	at java.sql/java.sql.DriverManager.getConnection(DriverManager.java:229)
	at com.bank_of_cli.persistence.ConnectionFactory.getConnection(ConnectionFactory.java:35)
	at com.bank_of_cli.persistence.BankDAOImpl.getConnection(BankDAOImpl.java:215)
	at com.bank_of_cli.persistence.BankDAOImpl.initializeSchema(BankDAOImpl.java:171)
	at com.bank_of_cli.persistence.BankDAOImpl.<init>(BankDAOImpl.java:51)
	at com.bank_of_cli.api.Main.main(Main.java:12)
	at java.base/jdk.internal.reflect.NativeMethodAccessorImpl.invoke0(Native Method)
	at java.base/jdk.internal.reflect.NativeMethodAccessorImpl.invoke(NativeMethodAccessorImpl.java:77)
	at java.base/jdk.internal.reflect.DelegatingMethodAccessorImpl.invoke(DelegatingMethodAccessorImpl.java:43)
	at java.base/java.lang.reflect.Method.invoke(Method.java:568)
	at org.codehaus.mojo.exec.AbstractExecJavaBase.executeMainMethod(AbstractExecJavaBase.java:402)
	at org.codehaus.mojo.exec.ExecJavaMojo.executeMainMethod(ExecJavaMojo.java:142)
	at org.codehaus.mojo.exec.AbstractExecJavaBase.doExecClassLoader(AbstractExecJavaBase.java:377)
	at org.codehaus.mojo.exec.AbstractExecJavaBase.lambda$execute$0(AbstractExecJavaBase.java:287)
	at java.base/java.lang.Thread.run(Thread.java:842)
2026-09-23 22:40:52 ERROR com.bank_of_cli.util.AppLogger - Error starting application: Could not connect to the database
2026-09-23 22:56:31 ERROR com.bank_of_cli.util.AppLogger - Could not connect to the database
org.postgresql.util.PSQLException: FATAL: database "bankOfCli" does not exist
	at org.postgresql.core.v3.QueryExecutorImpl.receiveErrorResponse(QueryExecutorImpl.java:2733)
	at org.postgresql.core.v3.QueryExecutorImpl.readStartupMessages(QueryExecutorImpl.java:2845)
	at org.postgresql.core.v3.QueryExecutorImpl.<init>(QueryExecutorImpl.java:176)
	at org.postgresql.core.v3.ConnectionFactoryImpl.openConnectionImpl(ConnectionFactoryImpl.java:323)
	at org.postgresql.core.ConnectionFactory.openConnection(ConnectionFactory.java:54)
	at org.postgresql.jdbc.PgConnection.<init>(PgConnection.java:273)
	at org.postgresql.Driver.makeConnection(Driver.java:446)
	at org.postgresql.Driver.connect(Driver.java:298)
	at java.sql/java.sql.DriverManager.getConnection(DriverManager.java:681)
	at java.sql/java.sql.DriverManager.getConnection(DriverManager.java:229)
	at com.bank_of_cli.persistence.ConnectionFactory.getConnection(ConnectionFactory.java:35)
	at com.bank_of_cli.persistence.BankDAOImpl.getConnection(BankDAOImpl.java:215)
	at com.bank_of_cli.persistence.BankDAOImpl.initializeSchema(BankDAOImpl.java:171)
	at com.bank_of_cli.persistence.BankDAOImpl.<init>(BankDAOImpl.java:51)
	at com.bank_of_cli.api.Main.main(Main.java:12)
	at java.base/jdk.internal.reflect.NativeMethodAccessorImpl.invoke0(Native Method)
	at java.base/jdk.internal.reflect.NativeMethodAccessorImpl.invoke(NativeMethodAccessorImpl.java:77)
	at java.base/jdk.internal.reflect.DelegatingMethodAccessorImpl.invoke(DelegatingMethodAccessorImpl.java:43)
	at java.base/java.lang.reflect.Method.invoke(Method.java:568)
	at org.codehaus.mojo.exec.AbstractExecJavaBase.executeMainMethod(AbstractExecJavaBase.java:402)
	at org.codehaus.mojo.exec.ExecJavaMojo.executeMainMethod(ExecJavaMojo.java:142)
	at org.codehaus.mojo.exec.AbstractExecJavaBase.doExecClassLoader(AbstractExecJavaBase.java:377)
	at org.codehaus.mojo.exec.AbstractExecJavaBase.lambda$execute$0(AbstractExecJavaBase.java:287)
	at java.base/java.lang.Thread.run(Thread.java:842)
2026-09-23 22:56:31 ERROR com.bank_of_cli.util.AppLogger - Error starting application: Could not connect to the database
2026-09-23 23:04:50 ERROR com.bank_of_cli.util.AppLogger - Could not connect to the database
org.postgresql.util.PSQLException: FATAL: database "bankOfCli" does not exist
	at org.postgresql.core.v3.QueryExecutorImpl.receiveErrorResponse(QueryExecutorImpl.java:2733)
	at org.postgresql.core.v3.QueryExecutorImpl.readStartupMessages(QueryExecutorImpl.java:2845)
	at org.postgresql.core.v3.QueryExecutorImpl.<init>(QueryExecutorImpl.java:176)
	at org.postgresql.core.v3.ConnectionFactoryImpl.openConnectionImpl(ConnectionFactoryImpl.java:323)
	at org.postgresql.core.ConnectionFactory.openConnection(ConnectionFactory.java:54)
	at org.postgresql.jdbc.PgConnection.<init>(PgConnection.java:273)
	at org.postgresql.Driver.makeConnection(Driver.java:446)
	at org.postgresql.Driver.connect(Driver.java:298)
	at java.sql/java.sql.DriverManager.getConnection(DriverManager.java:681)
	at java.sql/java.sql.DriverManager.getConnection(DriverManager.java:229)
	at com.bank_of_cli.persistence.ConnectionFactory.getConnection(ConnectionFactory.java:35)
	at com.bank_of_cli.persistence.BankDAOImpl.getConnection(BankDAOImpl.java:215)
	at com.bank_of_cli.persistence.BankDAOImpl.initializeSchema(BankDAOImpl.java:171)
	at com.bank_of_cli.persistence.BankDAOImpl.<init>(BankDAOImpl.java:51)
	at com.bank_of_cli.api.Main.main(Main.java:12)
	at java.base/jdk.internal.reflect.NativeMethodAccessorImpl.invoke0(Native Method)
	at java.base/jdk.internal.reflect.NativeMethodAccessorImpl.invoke(NativeMethodAccessorImpl.java:77)
	at java.base/jdk.internal.reflect.DelegatingMethodAccessorImpl.invoke(DelegatingMethodAccessorImpl.java:43)
	at java.base/java.lang.reflect.Method.invoke(Method.java:568)
	at org.codehaus.mojo.exec.AbstractExecJavaBase.executeMainMethod(AbstractExecJavaBase.java:402)
	at org.codehaus.mojo.exec.ExecJavaMojo.executeMainMethod(ExecJavaMojo.java:142)
	at org.codehaus.mojo.exec.AbstractExecJavaBase.doExecClassLoader(AbstractExecJavaBase.java:377)
	at org.codehaus.mojo.exec.AbstractExecJavaBase.lambda$execute$0(AbstractExecJavaBase.java:287)
	at java.base/java.lang.Thread.run(Thread.java:842)
2026-09-23 23:04:50 ERROR com.bank_of_cli.util.AppLogger - Error starting application: Could not connect to the database
2026-09-23 23:05:49 INFO  com.bank_of_cli.util.AppLogger - Exited Application
2026-09-23 23:13:55 INFO  com.bank_of_cli.util.AppLogger - Account registered: 624a1bd9-efd9-41f8-be31-d25b7713dc34
2026-09-23 23:13:55 INFO  com.bank_of_cli.util.AppLogger - Exited Application
